Microsoft Windows [Version 6.1.7601]
Copyright (c) 2009 Microsoft Corporation.  All rights reserved.

C:\Users\Hannu>d:

D:\>cd D:\Hannun_tiedot\opinnot\2014_kesa\TiraHT\testing

D:\Hannun_tiedot\opinnot\2014_kesa\TiraHT\testing>java -jar TiraLabra-1.0-SNAPSHOT-hannuntemppu 400x250kartta00
Error: Unable to access jarfile TiraLabra-1.0-SNAPSHOT-hannuntemppu

D:\Hannun_tiedot\opinnot\2014_kesa\TiraHT\testing>java -jar TiraLabra-1.0-SNAPSHOT-hannuntemppu.jar 400x250kartta00

Lahtotoedosto                                                                                       ratkaisu (ms)                 polunpituus (aikayksikkoa)
                                                                                                    Astar          Dijkstra       Astar          Dijkstra
D:\Hannun_tiedot\opinnot\2014_kesa\TiraHT\testing\1000x625kartta002.bmp                             1482           1716           840            840

Lahtotoedosto                                                                                       ratkaisu (ms)                 polunpituus (aikayksikkoa)
                                                                                                    Astar          Dijkstra       Astar          Dijkstra
D:\Hannun_tiedot\opinnot\2014_kesa\TiraHT\testing\1000x625kartta002.bmp                             1482           718            840            840

Lahtotoedosto                                                                                       ratkaisu (ms)                 polunpituus (aikayksikkoa)
                                                                                                    Astar          Dijkstra       Astar          Dijkstra
D:\Hannun_tiedot\opinnot\2014_kesa\TiraHT\testing\1000x625kartta002.bmp                             1482           499            840            840

Lahtotoedosto                                                                                       ratkaisu (ms)                 polunpituus (aikayksikkoa)
                                                                                                    Astar          Dijkstra       Astar          Dijkstra
D:\Hannun_tiedot\opinnot\2014_kesa\TiraHT\testing\1000x625kartta002.bmp                             343            499            840            840

Lahtotoedosto                                                                                       ratkaisu (ms)                 polunpituus (aikayksikkoa)
                                                                                                    Astar          Dijkstra       Astar          Dijkstra
D:\Hannun_tiedot\opinnot\2014_kesa\TiraHT\testing\1000x625kartta002.bmp                             156            312            840            840

Lahtotoedosto                                                                                       ratkaisu (ms)                 polunpituus (aikayksikkoa)
                                                                                                    Astar          Dijkstra       Astar          Dijkstra
D:\Hannun_tiedot\opinnot\2014_kesa\TiraHT\testing\1000x625kartta002.bmp                             156            312            840            840

Lahtotoedosto                                                                                       ratkaisu (ms)                 polunpituus (aikayksikkoa)
                                                                                                    Astar          Dijkstra       Astar          Dijkstra
D:\Hannun_tiedot\opinnot\2014_kesa\TiraHT\testing\1000x625kartta002.bmp                             156            312            840            840

Lahtotoedosto                                                                                       ratkaisu (ms)                 polunpituus (aikayksikkoa)
                                                                                                    Astar          Dijkstra       Astar          Dijkstra
D:\Hannun_tiedot\opinnot\2014_kesa\TiraHT\testing\1000x625kartta002.bmp                             156            312            840            840

Lahtotoedosto                                                                                       ratkaisu (ms)                 polunpituus (aikayksikkoa)
                                                                                                    Astar          Dijkstra       Astar          Dijkstra
D:\Hannun_tiedot\opinnot\2014_kesa\TiraHT\testing\1000x625kartta002.bmp                             156            312            840            840

Lahtotoedosto                                                                                       ratkaisu (ms)                 polunpituus (aikayksikkoa)
                                                                                                    Astar          Dijkstra       Astar          Dijkstra
D:\Hannun_tiedot\opinnot\2014_kesa\TiraHT\testing\1000x625kartta002.bmp                             156            312            840            840

Lahtotoedosto                                                                                       ratkaisu (ms)                 polunpituus (aikayksikkoa)
                                                                                                    Astar          Dijkstra       Astar          Dijkstra
D:\Hannun_tiedot\opinnot\2014_kesa\TiraHT\testing\1000x625kartta002.bmp                             156            312            840            840

Lahtotoedosto                                                                                       ratkaisu (ms)                 polunpituus (aikayksikkoa)
                                                                                                    Astar          Dijkstra       Astar          Dijkstra
D:\Hannun_tiedot\opinnot\2014_kesa\TiraHT\testing\1000x625kartta002.bmp                             156            312            840            840

Lahtotoedosto                                                                                       ratkaisu (ms)                 polunpituus (aikayksikkoa)
                                                                                                    Astar          Dijkstra       Astar          Dijkstra
D:\Hannun_tiedot\opinnot\2014_kesa\TiraHT\testing\1000x625kartta002.bmp                             156            312            840            840

Lahtotoedosto                                                                                       ratkaisu (ms)                 polunpituus (aikayksikkoa)
                                                                                                    Astar          Dijkstra       Astar          Dijkstra
D:\Hannun_tiedot\opinnot\2014_kesa\TiraHT\testing\1000x625kartta002.bmp                             156            312            840            840

Lahtotoedosto                                                                                       ratkaisu (ms)                 polunpituus (aikayksikkoa)
                                                                                                    Astar          Dijkstra       Astar          Dijkstra
D:\Hannun_tiedot\opinnot\2014_kesa\TiraHT\testing\1000x625kartta002.bmp                             156            312            840            840

Lahtotoedosto                                                                                       ratkaisu (ms)                 polunpituus (aikayksikkoa)
                                                                                                    Astar          Dijkstra       Astar          Dijkstra
D:\Hannun_tiedot\opinnot\2014_kesa\TiraHT\testing\1000x625kartta002.bmp                             156            312            840            840

Lahtotoedosto                                                                                       ratkaisu (ms)                 polunpituus (aikayksikkoa)
                                                                                                    Astar          Dijkstra       Astar          Dijkstra
D:\Hannun_tiedot\opinnot\2014_kesa\TiraHT\testing\1000x625kartta002.bmp                             156            312            840            840

Lahtotoedosto                                                                                       ratkaisu (ms)                 polunpituus (aikayksikkoa)
                                                                                                    Astar          Dijkstra       Astar          Dijkstra
D:\Hannun_tiedot\opinnot\2014_kesa\TiraHT\testing\1000x625kartta002.bmp                             156            312            840            840

Lahtotoedosto                                                                                       ratkaisu (ms)                 polunpituus (aikayksikkoa)
                                                                                                    Astar          Dijkstra       Astar          Dijkstra
D:\Hannun_tiedot\opinnot\2014_kesa\TiraHT\testing\1000x625kartta002.bmp                             156            312            840            840

Lahtotoedosto                                                                                       ratkaisu (ms)                 polunpituus (aikayksikkoa)
                                                                                                    Astar          Dijkstra       Astar          Dijkstra
D:\Hannun_tiedot\opinnot\2014_kesa\TiraHT\testing\1000x625kartta002.bmp                             156            312            840            840

-------------------------------------------------------------------------------------------
Lahtotoedosto                                                                                       ratkaisu (ms)                 polunpituus (aikayksikkoa)
                                                                                                    Astar          Dijkstra       Astar          Dijkstra
D:\Hannun_tiedot\opinnot\2014_kesa\TiraHT\testing\1000x625kartta002.bmp                             156            312            840            840

D:\Hannun_tiedot\opinnot\2014_kesa\TiraHT\testing>java -jar TiraLabra-1.0-SNAPSHOT-hannuntemppu.jar 400x250kartta00 2

Lahtotoedosto                                                                                       ratkaisu (ms)                 polunpituus (aikayksikkoa)
                                                                                                    Astar          Dijkstra       Astar          Dijkstra
D:\Hannun_tiedot\opinnot\2014_kesa\TiraHT\testing\1000x625kartta002.bmp                             1592           3432           840            840

Lahtotoedosto                                                                                       ratkaisu (ms)                 polunpituus (aikayksikkoa)
                                                                                                    Astar          Dijkstra       Astar          Dijkstra
D:\Hannun_tiedot\opinnot\2014_kesa\TiraHT\testing\1000x625kartta002.bmp                             359            3385           840            840

Lahtotoedosto                                                                                       ratkaisu (ms)                 polunpituus (aikayksikkoa)
                                                                                                    Astar          Dijkstra       Astar          Dijkstra
D:\Hannun_tiedot\opinnot\2014_kesa\TiraHT\testing\1000x625kartta002.bmp                             359            1155           840            840

Lahtotoedosto                                                                                       ratkaisu (ms)                 polunpituus (aikayksikkoa)
                                                                                                    Astar          Dijkstra       Astar          Dijkstra
D:\Hannun_tiedot\opinnot\2014_kesa\TiraHT\testing\1000x625kartta002.bmp                             218            639            840            840

Lahtotoedosto                                                                                       ratkaisu (ms)                 polunpituus (aikayksikkoa)
                                                                                                    Astar          Dijkstra       Astar          Dijkstra
D:\Hannun_tiedot\opinnot\2014_kesa\TiraHT\testing\1000x625kartta002.bmp                             218            639            840            840

Lahtotoedosto                                                                                       ratkaisu (ms)                 polunpituus (aikayksikkoa)
                                                                                                    Astar          Dijkstra       Astar          Dijkstra
D:\Hannun_tiedot\opinnot\2014_kesa\TiraHT\testing\1000x625kartta002.bmp                             218            639            840            840

Lahtotoedosto                                                                                       ratkaisu (ms)                 polunpituus (aikayksikkoa)
                                                                                                    Astar          Dijkstra       Astar          Dijkstra
D:\Hannun_tiedot\opinnot\2014_kesa\TiraHT\testing\1000x625kartta002.bmp                             218            639            840            840

Lahtotoedosto                                                                                       ratkaisu (ms)                 polunpituus (aikayksikkoa)
                                                                                                    Astar          Dijkstra       Astar          Dijkstra
D:\Hannun_tiedot\opinnot\2014_kesa\TiraHT\testing\1000x625kartta002.bmp                             218            639            840            840

Lahtotoedosto                                                                                       ratkaisu (ms)                 polunpituus (aikayksikkoa)
                                                                                                    Astar          Dijkstra       Astar          Dijkstra
D:\Hannun_tiedot\opinnot\2014_kesa\TiraHT\testing\1000x625kartta002.bmp                             218            639            840            840

Lahtotoedosto                                                                                       ratkaisu (ms)                 polunpituus (aikayksikkoa)
                                                                                                    Astar          Dijkstra       Astar          Dijkstra
D:\Hannun_tiedot\opinnot\2014_kesa\TiraHT\testing\1000x625kartta002.bmp                             218            639            840            840

Lahtotoedosto                                                                                       ratkaisu (ms)                 polunpituus (aikayksikkoa)
                                                                                                    Astar          Dijkstra       Astar          Dijkstra
D:\Hannun_tiedot\opinnot\2014_kesa\TiraHT\testing\1000x625kartta002.bmp                             218            639            840            840

Lahtotoedosto                                                                                       ratkaisu (ms)                 polunpituus (aikayksikkoa)
                                                                                                    Astar          Dijkstra       Astar          Dijkstra
D:\Hannun_tiedot\opinnot\2014_kesa\TiraHT\testing\1000x625kartta002.bmp                             218            639            840            840

Lahtotoedosto                                                                                       ratkaisu (ms)                 polunpituus (aikayksikkoa)
                                                                                                    Astar          Dijkstra       Astar          Dijkstra
D:\Hannun_tiedot\opinnot\2014_kesa\TiraHT\testing\1000x625kartta002.bmp                             218            639            840            840

Lahtotoedosto                                                                                       ratkaisu (ms)                 polunpituus (aikayksikkoa)
                                                                                                    Astar          Dijkstra       Astar          Dijkstra
D:\Hannun_tiedot\opinnot\2014_kesa\TiraHT\testing\1000x625kartta002.bmp                             218            639            840            840

Lahtotoedosto                                                                                       ratkaisu (ms)                 polunpituus (aikayksikkoa)
                                                                                                    Astar          Dijkstra       Astar          Dijkstra
D:\Hannun_tiedot\opinnot\2014_kesa\TiraHT\testing\1000x625kartta002.bmp                             218            639            840            840

Lahtotoedosto                                                                                       ratkaisu (ms)                 polunpituus (aikayksikkoa)
                                                                                                    Astar          Dijkstra       Astar          Dijkstra
D:\Hannun_tiedot\opinnot\2014_kesa\TiraHT\testing\1000x625kartta002.bmp                             218            639            840            840

Lahtotoedosto                                                                                       ratkaisu (ms)                 polunpituus (aikayksikkoa)
                                                                                                    Astar          Dijkstra       Astar          Dijkstra
D:\Hannun_tiedot\opinnot\2014_kesa\TiraHT\testing\1000x625kartta002.bmp                             218            639            840            840

Lahtotoedosto                                                                                       ratkaisu (ms)                 polunpituus (aikayksikkoa)
                                                                                                    Astar          Dijkstra       Astar          Dijkstra
D:\Hannun_tiedot\opinnot\2014_kesa\TiraHT\testing\1000x625kartta002.bmp                             218            639            840            840

Lahtotoedosto                                                                                       ratkaisu (ms)                 polunpituus (aikayksikkoa)
                                                                                                    Astar          Dijkstra       Astar          Dijkstra
D:\Hannun_tiedot\opinnot\2014_kesa\TiraHT\testing\1000x625kartta002.bmp                             218            639            840            840

Lahtotoedosto                                                                                       ratkaisu (ms)                 polunpituus (aikayksikkoa)
                                                                                                    Astar          Dijkstra       Astar          Dijkstra
D:\Hannun_tiedot\opinnot\2014_kesa\TiraHT\testing\1000x625kartta002.bmp                             218            546            840            840

-------------------------------------------------------------------------------------------
Lahtotoedosto                                                                                       ratkaisu (ms)                 polunpituus (aikayksikkoa)
                                                                                                    Astar          Dijkstra       Astar          Dijkstra
D:\Hannun_tiedot\opinnot\2014_kesa\TiraHT\testing\1000x625kartta002.bmp                             218            546            840            840

D:\Hannun_tiedot\opinnot\2014_kesa\TiraHT\testing>java -jar TiraLabra-1.0-SNAPSHOT-hannuntemppu.jar 400x250kartta00 2 5
Lahtotoedosto                                     KESKIMAARAINEN ratkaisuaika (ms)                            PIENIN ratkaisuaika (ms)      polunpituus (aikayksikkoa)
                                                  Astar/aika     Astar/n        Dijkstra/aika  Dijkstra/n     Astar          Dijkstra       Astar          Dijkstra
D:\Hannun_tiedot\opinnot\2014_kesa\TiraHT\testing\800x500kartta001.bmp245            1              540            1              245            540            402            402
D:\Hannun_tiedot\opinnot\2014_kesa\TiraHT\testing\800x500kartta002.bmp230            1              520            1              230            520            403            403
D:\Hannun_tiedot\opinnot\2014_kesa\TiraHT\testing\800x500kartta003.bmp530            1              2190           1              380            250            597            597

D:\Hannun_tiedot\opinnot\2014_kesa\TiraHT\testing>java -jar TiraLabra-1.0-SNAPSHOT-hannuntemppu.jar 400x250kartta00 2 5
Lahtotoedosto                                     KESKIMAARAINEN ratkaisuaika (ms)                            PIENIN ratkaisuaika (ms)      polunpituus (aikayksikkoa)
                                                  Astar/aika     Astar/n        Dijkstra/aika  Dijkstra/n     Astar          Dijkstra       Astar          Dijkstra
400x250kartta001.bmp                              53             3              46             3              20             40             182            182
400x250kartta002.bmp                              60             3              36             3              20             30             156            156

D:\Hannun_tiedot\opinnot\2014_kesa\TiraHT\testing>dir
 Volume in drive D has no label.
 Volume Serial Number is 5609-6C20

 Directory of D:\Hannun_tiedot\opinnot\2014_kesa\TiraHT\testing

08.09.2014  18:54    <DIR>          .
08.09.2014  18:54    <DIR>          ..
01.09.2014  05:23           626 078 1000x625kartta001.bmp
07.09.2014  23:39           626 078 1000x625kartta001ASTAR.bmp
07.09.2014  23:39           626 078 1000x625kartta001DIJKSTRA.bmp
01.09.2014  05:33           626 078 1000x625kartta002.bmp
07.09.2014  21:42           626 078 1000x625kartta002ASTAR.bmp
07.09.2014  21:42           626 078 1000x625kartta002DIJKSTRA.bmp
01.09.2014  01:23           101 078 400x250kartta001.bmp
08.09.2014  18:54           101 078 400x250kartta001ASTAR.bmp
08.09.2014  18:54           101 078 400x250kartta001DIJKSTRA.bmp
01.09.2014  01:24           101 078 400x250kartta002.bmp
08.09.2014  18:54           101 078 400x250kartta002ASTAR.bmp
08.09.2014  18:54           101 078 400x250kartta002DIJKSTRA.bmp
01.09.2014  01:25           101 078 400x250kartta003.bmp
07.09.2014  23:30           101 078 400x250kartta003ASTAR.bmp
07.09.2014  23:30           101 078 400x250kartta003DIJKSTRA.bmp
01.09.2014  01:27           101 078 400x250kartta004.bmp
07.09.2014  22:16           101 078 400x250kartta004ASTAR.bmp
07.09.2014  22:16           101 078 400x250kartta004DIJKSTRA.bmp
01.09.2014  01:30           101 078 400x250kartta005.bmp
07.09.2014  22:16           101 078 400x250kartta005ASTAR.bmp
07.09.2014  22:16           101 078 400x250kartta005DIJKSTRA.bmp
01.09.2014  03:20           101 078 400x250kartta006.bmp
07.09.2014  22:16           101 078 400x250kartta006ASTAR.bmp
07.09.2014  22:16           101 078 400x250kartta006DIJKSTRA.bmp
01.09.2014  03:25           101 078 400x250kartta007.bmp
07.09.2014  22:16           101 078 400x250kartta007ASTAR.bmp
07.09.2014  22:16           101 078 400x250kartta007DIJKSTRA.bmp
01.09.2014  01:20           101 078 400x250pattern001.bmp
01.09.2014  04:48           401 078 800x500kartta001.bmp
08.09.2014  18:52           401 078 800x500kartta001ASTAR.bmp
08.09.2014  18:52           401 078 800x500kartta001DIJKSTRA.bmp
01.09.2014  04:52           401 078 800x500kartta002.bmp
08.09.2014  18:52           401 078 800x500kartta002ASTAR.bmp
08.09.2014  18:52           401 078 800x500kartta002DIJKSTRA.bmp
01.09.2014  04:59           401 078 800x500kartta003.bmp
08.09.2014  18:52           401 078 800x500kartta003ASTAR.bmp
08.09.2014  18:52           401 078 800x500kartta003DIJKSTRA.bmp
31.08.2014  21:21    <DIR>          bitmaps
31.08.2014  20:44            96 078 ISOmonimutkaisuus001.bmp
01.09.2014  00:47            96 078 ISOmonimutkaisuus001ASTAR.bmp
01.09.2014  00:47            96 078 ISOmonimutkaisuus001DIJKSTRA.bmp
31.08.2014  20:44            96 078 ISOmonimutkaisuus002.bmp
01.09.2014  00:47            96 078 ISOmonimutkaisuus002ASTAR.bmp
01.09.2014  00:47            96 078 ISOmonimutkaisuus002DIJKSTRA.bmp
31.08.2014  23:56            15 034 monimutkaisuus.txt
31.08.2014  20:15            16 278 monimutkaisuus001.bmp
01.09.2014  01:45            16 278 monimutkaisuus001ASTAR.bmp
01.09.2014  01:45            16 278 monimutkaisuus001DIJKSTRA.bmp
31.08.2014  20:15            16 278 monimutkaisuus002.bmp
01.09.2014  01:45            16 278 monimutkaisuus002ASTAR.bmp
01.09.2014  01:45            16 278 monimutkaisuus002DIJKSTRA.bmp
31.08.2014  20:16            16 278 monimutkaisuus003.bmp
01.09.2014  01:45            16 278 monimutkaisuus003ASTAR.bmp
01.09.2014  01:45            16 278 monimutkaisuus003DIJKSTRA.bmp
31.08.2014  20:17            16 278 monimutkaisuus004.bmp
01.09.2014  01:45            16 278 monimutkaisuus004ASTAR.bmp
01.09.2014  01:45            16 278 monimutkaisuus004DIJKSTRA.bmp
31.08.2014  20:18            16 278 monimutkaisuus005.bmp
01.09.2014  01:45            16 278 monimutkaisuus005ASTAR.bmp
01.09.2014  01:45            16 278 monimutkaisuus005DIJKSTRA.bmp
31.08.2014  20:19            16 278 monimutkaisuus006.bmp
01.09.2014  05:07            16 278 monimutkaisuus006ASTAR.bmp
01.09.2014  05:07            16 278 monimutkaisuus006DIJKSTRA.bmp
31.08.2014  20:21            16 278 monimutkaisuus007.bmp
01.09.2014  01:45            16 278 monimutkaisuus007ASTAR.bmp
01.09.2014  01:45            16 278 monimutkaisuus007DIJKSTRA.bmp
31.08.2014  20:23            16 278 monimutkaisuus008.bmp
01.09.2014  03:15            16 278 monimutkaisuus008ASTAR.bmp
01.09.2014  03:16            16 278 monimutkaisuus008DIJKSTRA.bmp
31.08.2014  20:24            16 278 monimutkaisuus009.bmp
01.09.2014  01:45            16 278 monimutkaisuus009ASTAR.bmp
01.09.2014  01:45            16 278 monimutkaisuus009DIJKSTRA.bmp
31.08.2014  20:52            16 278 monimutkaisuus010.bmp
31.08.2014  21:46            16 278 monimutkaisuus010ASTAR.bmp
31.08.2014  21:46            16 278 monimutkaisuus010DIJKSTRA.bmp
31.08.2014  20:57            16 278 monimutkaisuus011.bmp
31.08.2014  21:46            16 278 monimutkaisuus011ASTAR.bmp
31.08.2014  21:46            16 278 monimutkaisuus011DIJKSTRA.bmp
31.08.2014  21:00            16 278 monimutkaisuus012.bmp
31.08.2014  21:01            16 278 monimutkaisuus012ASTAR.bmp
31.08.2014  21:01            16 278 monimutkaisuus012DIJKSTRA.bmp
31.08.2014  21:05            16 278 monimutkaisuus013.bmp
31.08.2014  21:06            16 278 monimutkaisuus013ASTAR.bmp
31.08.2014  21:06            16 278 monimutkaisuus013DIJKSTRA.bmp
31.08.2014  21:07            16 278 monimutkaisuus014.bmp
31.08.2014  21:07            16 278 monimutkaisuus014ASTAR.bmp
31.08.2014  21:07            16 278 monimutkaisuus014DIJKSTRA.bmp
31.08.2014  21:16            16 278 monimutkaisuus015.bmp
31.08.2014  21:15            16 278 monimutkaisuus015ASTAR.bmp
31.08.2014  21:15            16 278 monimutkaisuus015DIJKSTRA.bmp
31.08.2014  21:17            16 278 monimutkaisuus016.bmp
31.08.2014  21:17            16 278 monimutkaisuus016ASTAR.bmp
31.08.2014  21:17            16 278 monimutkaisuus016DIJKSTRA.bmp
31.08.2014  21:18            16 278 monimutkaisuus017.bmp
31.08.2014  21:18            16 278 monimutkaisuus017ASTAR.bmp
31.08.2014  21:18            16 278 monimutkaisuus017DIJKSTRA.bmp
08.09.2014  18:53           309 948 TiraLabra-1.0-SNAPSHOT-hannuntemppu.jar
31.08.2014  21:26         1 680 430 tosiISOmonimutkaisuus001.bmp
01.09.2014  05:39         1 680 430 tosiISOmonimutkaisuus001ASTAR.bmp
01.09.2014  05:39         1 680 430 tosiISOmonimutkaisuus001DIJKSTRA.bmp
31.08.2014  21:38         1 680 430 tosiISOmonimutkaisuus002.bmp
01.09.2014  01:16         1 680 430 tosiISOmonimutkaisuus002ASTAR.bmp
01.09.2014  01:16         1 680 430 tosiISOmonimutkaisuus002DIJKSTRA.bmp
31.08.2014  21:43         1 680 430 tosiISOmonimutkaisuus003.bmp
01.09.2014  05:14         1 680 430 tosiISOmonimutkaisuus003ASTAR.bmp
01.09.2014  05:14         1 680 430 tosiISOmonimutkaisuus003DIJKSTRA.bmp
01.09.2014  01:11         1 680 430 tosiISOmonimutkaisuus004.bmp
01.09.2014  03:06         1 680 430 tosiISOmonimutkaisuus004ASTAR.bmp
01.09.2014  03:04         1 680 430 tosiISOmonimutkaisuus004DIJKSTRA.bmp
07.09.2014  20:48           157 078 xxx2.bmp
07.09.2014  21:16           157 078 xxx2ASTAR.bmp
07.09.2014  21:16           157 078 xxx2DIJKSTRA.bmp
             111 File(s)     31 957 908 bytes
               3 Dir(s)  253 135 495 168 bytes free

D:\Hannun_tiedot\opinnot\2014_kesa\TiraHT\testing>java -jar TiraLabra-1.0-SNAPSHOT-hannuntemppu.jar 400x250kartta00 2 5

Lahtotoedosto                                     KESKIMAARAINEN ratkaisuaika (ms)                            PIENIN ratkaisuaika (ms)      polunpituus (aikayksikkoa)
                                                  Astar/aika     Astar/n        Dijkstra/aika  Dijkstra/n     Astar          Dijkstra       Astar          Dijkstra
400x250kartta001.bmp                              82             3              56             3              20             50             182            182
400x250kartta002.bmp                              201            3              86             3              20             40             156            156

D:\Hannun_tiedot\opinnot\2014_kesa\TiraHT\testing>java -jar TiraLabra-1.0-SNAPSHOT-hannuntemppu.jar 400x250kartta00 2 20

Lahtotoedosto                                     KESKIMAARAINEN ratkaisuaika (ms)                            PIENIN ratkaisuaika (ms)      polunpituus (aikayksikkoa)
                                                  Astar/aika     Astar/n        Dijkstra/aika  Dijkstra/n     Astar          Dijkstra       Astar          Dijkstra
400x250kartta001.bmp                              25             15             117            15             10             40             182            182
400x250kartta002.bmp                              26             15             58             15             10             30             156            156

D:\Hannun_tiedot\opinnot\2014_kesa\TiraHT\testing>java -jar TiraLabra-1.0-SNAPSHOT-hannuntemppu.jar eiEsteita00 3 1

Lahtotoedosto                                     KESKIMAARAINEN ratkaisuaika (ms)                            PIENIN ratkaisuaika (ms)      polunpituus (aikayksikkoa)
                                                  Astar/aika     Astar/n        Dijkstra/aika  Dijkstra/n     Astar          Dijkstra       Astar          Dijkstra
eiEsteita001.bmp                                  -              -              -              -              60             80             51             51
eiEsteita002.bmp                                  -              -              -              -              30             50             102            102
eiEsteita003.bmp                                  -              -              -              -              512            60             153            153

D:\Hannun_tiedot\opinnot\2014_kesa\TiraHT\testing>java -jar TiraLabra-1.0-SNAPSHOT-hannuntemppu.jar eiEsteita00 3 10

Lahtotoedosto                                     KESKIMAARAINEN ratkaisuaika (ms)                            PIENIN ratkaisuaika (ms)      polunpituus (aikayksikkoa)
                                                  Astar/aika     Astar/n        Dijkstra/aika  Dijkstra/n     Astar          Dijkstra       Astar          Dijkstra
eiEsteita001.bmp                                  14             7              7              7              0              0              51             51
eiEsteita002.bmp                                  20             7              63             7              0              20             102            102
eiEsteita003.bmp                                  30             7              60             7              20             50             153            153

D:\Hannun_tiedot\opinnot\2014_kesa\TiraHT\testing>java -jar TiraLabra-1.0-SNAPSHOT-hannuntemppu.jar eiEsteita00 2 20

Lahtotoedosto                                     KESKIMAARAINEN ratkaisuaika (ms)                            PIENIN ratkaisuaika (ms)      polunpituus (aikayksikkoa)
                                                  Astar/aika     Astar/n        Dijkstra/aika  Dijkstra/n     Astar          Dijkstra       Astar          Dijkstra
eiEsteita001.bmp                                  21             15             29             15             10             10             102            102
eiEsteita002.bmp                                  24             15             123            15             20             45             153            153

D:\Hannun_tiedot\opinnot\2014_kesa\TiraHT\testing>java -jar TiraLabra-1.0-SNAPSHOT-hannuntemppu.jar eiEsteita00 2 20

Lahtotoedosto                                     KESKIMAARAINEN ratkaisuaika (ms)                            PIENIN ratkaisuaika (ms)      polunpituus (aikayksikkoa)
                                                  Astar/aika     Astar/n        Dijkstra/aika  Dijkstra/n     Astar          Dijkstra       Astar          Dijkstra
eiEsteita001.bmp                                  19             15             31             15             0              20             102            102
eiEsteita002.bmp                                  41             15             97             15             20             40             153            153

D:\Hannun_tiedot\opinnot\2014_kesa\TiraHT\testing>java -jar TiraLabra-1.0-SNAPSHOT-hannuntemppu.jar eiEsteita00 5 1

Lahtotoedosto                                     KESKIMAARAINEN ratkaisuaika (ms)                            PIENIN ratkaisuaika (ms)      polunpituus (aikayksikkoa)
                                                  Astar/aika     Astar/n        Dijkstra/aika  Dijkstra/n     Astar          Dijkstra       Astar          Dijkstra
eiEsteita001.bmp                                  -              -              -              -              120            340            102            102
eiEsteita002.bmp                                  -              -              -              -              298            160            153            153
eiEsteita003.bmp                                  -              -              -              -              410            232            204            204
eiEsteita004.bmp                                  -              -              -              -              270            440            255            255
eiEsteita005.bmp                                  -              -              -              -              130            3440           306            306

D:\Hannun_tiedot\opinnot\2014_kesa\TiraHT\testing>java -jar TiraLabra-1.0-SNAPSHOT-hannuntemppu.jar eiEsteita00 5 10

Lahtotoedosto                                     KESKIMAARAINEN ratkaisuaika (ms)                            PIENIN ratkaisuaika (ms)      polunpituus (aikayksikkoa)
                                                  Astar/aika     Astar/n        Dijkstra/aika  Dijkstra/n     Astar          Dijkstra       Astar          Dijkstra
eiEsteita001.bmp                                  15             7              58             7              10             20             102            102
eiEsteita002.bmp                                  74             7              147            7              20             50             153            153
eiEsteita003.bmp                                  61             7              105            7              30             100            204            204
eiEsteita004.bmp                                  148            7              496            7              55             160            255            255
eiEsteita005.bmp                                  569            7              707            7              155            260            306            306

D:\Hannun_tiedot\opinnot\2014_kesa\TiraHT\testing>java -jar TiraLabra-1.0-SNAPSHOT-hannuntemppu.jar eiEsteita00 1 10

Lahtotoedosto                                     KESKIMAARAINEN ratkaisuaika (ms)                            PIENIN ratkaisuaika (ms)      polunpituus (aikayksikkoa)
                                                  Astar/aika     Astar/n        Dijkstra/aika  Dijkstra/n     Astar          Dijkstra       Astar          Dijkstra
eiEsteita001.bmp                                  21             7              90             7              10             30             171            171

D:\Hannun_tiedot\opinnot\2014_kesa\TiraHT\testing>java -jar TiraLabra-1.0-SNAPSHOT-hannuntemppu.jar eiEsteita00 1 10

Lahtotoedosto                                     KESKIMAARAINEN ratkaisuaika (ms)                            PIENIN ratkaisuaika (ms)      polunpituus (aikayksikkoa)
                                                  Astar/aika     Astar/n        Dijkstra/aika  Dijkstra/n     Astar          Dijkstra       Astar          Dijkstra
eiEsteita001.bmp                                  21             7              91             7              10             30             177            177

D:\Hannun_tiedot\opinnot\2014_kesa\TiraHT\testing>java -jar TiraLabra-1.0-SNAPSHOT-hannuntemppu.jar eiEsteita00 1 10

Lahtotoedosto                                     KESKIMAARAINEN ratkaisuaika (ms)                            PIENIN ratkaisuaika (ms)      polunpituus (aikayksikkoa)
                                                  Astar/aika     Astar/n        Dijkstra/aika  Dijkstra/n     Astar          Dijkstra       Astar          Dijkstra
eiEsteita001.bmp                                  24             7              56             7              10             30             170            170

D:\Hannun_tiedot\opinnot\2014_kesa\TiraHT\testing>java -jar TiraLabra-1.0-SNAPSHOT-hannuntemppu.jar eiEsteita00 8 2

Lahtotoedosto                                     KESKIMAARAINEN ratkaisuaika (ms)                            PIENIN ratkaisuaika (ms)      polunpituus (aikayksikkoa)
                                                  Astar/aika     Astar/n        Dijkstra/aika  Dijkstra/n     Astar          Dijkstra       Astar          Dijkstra
eiEsteita001.bmp                                  20             1              112            1              20             112            170            170
eiEsteita002.bmp                                  20             1              210            1              20             210            255            255
eiEsteita003.bmp                                  70             1              155            1              70             155            340            340
eiEsteita004.bmp                                  240            1              2080           1              240            268            425            425
eiEsteita005.bmp                                  430            1              3137           1              210            755            510            510
eiEsteita006.bmp                                  370            1              3830           1              370            3830           680            680
eiEsteita007.bmp                                  3609           1              2085           1              710            2085           765            765
eiEsteita008.bmp                                  1285           1              5815           1              1285           5815           850            850

D:\Hannun_tiedot\opinnot\2014_kesa\TiraHT\testing>java -jar TiraLabra-1.0-SNAPSHOT-hannuntemppu.jar eiEsteita00 5 2

Lahtotiedosto                 Kuvan koko          KESKIMAARAINEN ratkaisuaika (ms)                            PIENIN ratkaisuaika (ms)      polunpituus (aikayksikkoa)
                              vaaka     pysty     Astar/aika     Astar/n        Dijkstra/aika  Dijkstra/n     Astar          Dijkstra       Astar          Dijkstra
eiEsteita001.bmp              300       200       20             1              100            1              20             100            170            170
eiEsteita002.bmp              450       300       50             1              227            1              50             227            255            255
eiEsteita003.bmp              600       400       70             1              1553           1              70             190            340            340
eiEsteita004.bmp              750       500       117            1              2320           1              117            250            425            425
eiEsteita005.bmp              900       600       1630           1              380            1              310            380            510            510

D:\Hannun_tiedot\opinnot\2014_kesa\TiraHT\testing>java -jar TiraLabra-1.0-SNAPSHOT-hannuntemppu.jar eiEsteita00 7 1

Lahtotiedosto                 Kuvan koko          KESKIMAARAINEN ratkaisuaika (ms)                            PIENIN ratkaisuaika (ms)      polunpituus (aikayksikkoa)
                              vaaka     pysty     Astar/aika     Astar/n        Dijkstra/aika  Dijkstra/n     Astar          Dijkstra       Astar          Dijkstra
eiEsteita001.bmp              300       200       -              -              -              -              132            330            170            170
eiEsteita002.bmp              450       300       -              -              -              -              270            595            255            255
eiEsteita003.bmp              600       400       -              -              -              -              140            310            340            340
eiEsteita004.bmp              750       500       -              -              -              -              1115           600            425            425
eiEsteita005.bmp              900       600       -              -              -              -              600            3115           510            510
eiEsteita006.bmp              1050      700       -              -              -              -              650            3520           595            595
eiEsteita007.bmp              1200      800       -              -              -              -              555            4060           680            680

D:\Hannun_tiedot\opinnot\2014_kesa\TiraHT\testing>java -jar TiraLabra-1.0-SNAPSHOT-hannuntemppu.jar eiEsteita00 7 10

Lahtotiedosto                 Kuvan koko          KESKIMAARAINEN ratkaisuaika (ms)                            PIENIN ratkaisuaika (ms)      polunpituus (aikayksikkoa)
                              vaaka     pysty     Astar/aika     Astar/n        Dijkstra/aika  Dijkstra/n     Astar          Dijkstra       Astar          Dijkstra
eiEsteita001.bmp              300       200       14             7              89             7              10             30             170            170
eiEsteita002.bmp              450       300       40             7              82             7              20             70             255            255
eiEsteita003.bmp              600       400       59             7              333            7              40             140            340            340
eiEsteita004.bmp              750       500       167            7              524            7              80             220            425            425
eiEsteita005.bmp              900       600       590            7              1109           7              100            380            510            510
eiEsteita006.bmp              1050      700       692            7              1569           7              298            760            595            595
eiEsteita007.bmp              1200      800       741            7              2551           7              437            1267           680            680

D:\Hannun_tiedot\opinnot\2014_kesa\TiraHT\testing>java -jar TiraLabra-1.0-SNAPSHOT-hannuntemppu.jar eiEsteita00 8 1

Lahtotiedosto                 Kuvan koko          KESKIMAARAINEN ratkaisuaika (ms)                            PIENIN ratkaisuaika (ms)      polunpituus (aikayksikkoa)
                              vaaka     pysty     Astar/aika     Astar/n        Dijkstra/aika  Dijkstra/n     Astar          Dijkstra       Astar          Dijkstra
eiEsteita001.bmp              300       200       -              -              -              -              120            330            170            170
eiEsteita002.bmp              450       300       -              -              -              -              270            180            255            255
eiEsteita003.bmp              600       400       -              -              -              -              390            270            340            340
eiEsteita004.bmp              750       500       -              -              -              -              338            1412           425            425
eiEsteita005.bmp              900       600       -              -              -              -              225            740            510            510
eiEsteita006.bmp              1050      700       -              -              -              -              1247           800            595            595
eiEsteita007.bmp              1200      800       -              -              -              -              1683           5525           680            680
eiEsteita008.bmp              1350      900       -              -              -              -              1050           4887           765            765

D:\Hannun_tiedot\opinnot\2014_kesa\TiraHT\testing>java -jar TiraLabra-1.0-SNAPSHOT-hannuntemppu.jar eiEsteita00 3 1

Lahtotiedosto                 Kuvan koko          KESKIMAARAINEN ratkaisuaika (ms)                            PIENIN ratkaisuaika (ms)      polunpituus (aikayksikkoa)
                              vaaka     pysty     Astar/aika     Astar/n        Dijkstra/aika  Dijkstra/n     Astar          Dijkstra       Astar          Dijkstra
eiEsteita001.bmp              300       200       -              -              -              -              125            343            170            170
eiEsteita002.bmp              450       300       -              -              -              -              265            188            255            255
eiEsteita003.bmp              600       400       -              -              -              -              328            293            340            340

D:\Hannun_tiedot\opinnot\2014_kesa\TiraHT\testing>java -jar TiraLabra-1.0-SNAPSHOT-hannuntemppu.jar eiEsteita00 3 5

Lahtotiedosto                 Kuvan koko          KESKIMAARAINEN ratkaisuaika (ms)                            PIENIN ratkaisuaika (ms)      polunpituus (aikayksikkoa)
                              vaaka     pysty     Astar/aika     Astar/n        Dijkstra/aika  Dijkstra/n     Astar          Dijkstra       Astar          Dijkstra
eiEsteita001.bmp              300       200       15             3              128            3              15             31             170            170
eiEsteita002.bmp              450       300       45             3              110            3              31             65             255            255
eiEsteita003.bmp              600       400       333            3              254            3              31             140            340            340

D:\Hannun_tiedot\opinnot\2014_kesa\TiraHT\testing>java -jar TiraLabra-1.0-SNAPSHOT-hannuntemppu.jar eiEsteita00 3 0

Lahtotiedosto                 Kuvan koko          KESKIMAARAINEN ratkaisuaika (ms)                            PIENIN ratkaisuaika (ms)      polunpituus (aikayksikkoa)
                              vaaka     pysty     Astar/aika     Astar/n        Dijkstra/aika  Dijkstra/n     Astar          Dijkstra       Astar          Dijkstra
eiEsteita001.bmp              300       200       -              -              -              -              1000000        1000000        1000000        1000000
eiEsteita002.bmp              450       300       -              -              -              -              1000000        1000000        1000000        1000000
eiEsteita003.bmp              600       400       -              -              -              -              1000000        1000000        1000000        1000000

D:\Hannun_tiedot\opinnot\2014_kesa\TiraHT\testing>java -jar TiraLabra-1.0-SNAPSHOT-hannuntemppu.jar eiEsteita00 3
Exception in thread "main" java.lang.ArrayIndexOutOfBoundsException: 2
        at com.mycompany.Tiralabra_maven.App.main(App.java:19)

D:\Hannun_tiedot\opinnot\2014_kesa\TiraHT\testing>java -jar TiraLabra-1.0-SNAPSHOT-hannuntemppu.jar eiEsteita00 1 1

Lahtotiedosto                 Kuvan koko          KESKIMAARAINEN ratkaisuaika (ms)                            PIENIN ratkaisuaika (ms)      polunpituus (aikayksikkoa)
                              vaaka     pysty     Astar/aika     Astar/n        Dijkstra/aika  Dijkstra/n     Astar          Dijkstra       Astar          Dijkstra
eiEsteita001.bmp              300       200       -              -              -              -              94             281            170            170

D:\Hannun_tiedot\opinnot\2014_kesa\TiraHT\testing>DijkstraAstar.jar eiEsteita00 1 1

D:\Hannun_tiedot\opinnot\2014_kesa\TiraHT\testing>java -jar DijkstraAstar.jar eiEsteita00 1 1

Lahtotiedosto                 Kuvan koko          KESKIMAARAINEN ratkaisuaika (ms)                            PIENIN ratkaisuaika (ms)      polunpituus (aikayksikkoa)
                              vaaka     pysty     Astar/aika     Astar/n        Dijkstra/aika  Dijkstra/n     Astar          Dijkstra       Astar          Dijkstra
eiEsteita001.bmp              300       200       -              -              -              -              125            337            170            170

D:\Hannun_tiedot\opinnot\2014_kesa\TiraHT\testing>java -jar DijkstraAstar.jar eiEsteita00 1 10

Lahtotiedosto                 Kuvan koko          KESKIMAARAINEN ratkaisuaika (ms)                            PIENIN ratkaisuaika (ms)      polunpituus (aikayksikkoa)
                              vaaka     pysty     Astar/aika     Astar/n        Dijkstra/aika  Dijkstra/n     Astar          Dijkstra       Astar          Dijkstra
eiEsteita001.bmp              300       200       29             7              48             7              15             31             170            170

D:\Hannun_tiedot\opinnot\2014_kesa\TiraHT\testing>java -jar DijkstraAstar.jar eiEsteita00 2 10

Lahtotiedosto                 Kuvan koko          KESKIMAARAINEN ratkaisuaika (ms)                            PIENIN ratkaisuaika (ms)      polunpituus (aikayksikkoa)
                              vaaka     pysty     Astar/aika     Astar/n        Dijkstra/aika  Dijkstra/n     Astar          Dijkstra       Astar          Dijkstra
eiEsteita001.bmp              300       200       29             7              59             7              0              31             170            170
eiEsteita002.bmp              450       300       41             7              194            7              31             78             255            255

D:\Hannun_tiedot\opinnot\2014_kesa\TiraHT\testing>java -jar DijkstraAstar.jar eiEsteita00 1 20

Lahtotiedosto                 Kuvan koko          KESKIMAARAINEN ratkaisuaika (ms)                            PIENIN ratkaisuaika (ms)      polunpituus (aikayksikkoa)
                              vaaka     pysty     Astar/aika     Astar/n        Dijkstra/aika  Dijkstra/n     Astar          Dijkstra       Astar          Dijkstra
eiEsteita001.bmp              300       200       23             15             45             15             0              16             170            170

D:\Hannun_tiedot\opinnot\2014_kesa\TiraHT\testing>java -jar DijkstraAstar.jar Xmonimutkaisuus00 1 5

Lahtotiedosto                 Kuvan koko          KESKIMAARAINEN ratkaisuaika (ms)                            PIENIN ratkaisuaika (ms)      polunpituus (aikayksikkoa)
                              vaaka     pysty     Astar/aika     Astar/n        Dijkstra/aika  Dijkstra/n     Astar          Dijkstra       Astar          Dijkstra
Xmonimutkaisuus001.bmp        600       400       220            3              389            3              187            281            712            712

D:\Hannun_tiedot\opinnot\2014_kesa\TiraHT\testing>java -jar DijkstraAstar.jar 400x250kartta00 8 1

Lahtotiedosto                 Kuvan koko          KESKIMAARAINEN ratkaisuaika (ms)                            PIENIN ratkaisuaika (ms)      polunpituus (aikayksikkoa)
                              vaaka     pysty     Astar/aika     Astar/n        Dijkstra/aika  Dijkstra/n     Astar          Dijkstra       Astar          Dijkstra
400x250kartta001.bmp          400       250       -              -              -              -              156            94             182            182
400x250kartta002.bmp          400       250       -              -              -              -              115            702            156            156
400x250kartta003.bmp          400       250       -              -              -              -              31             405            420            420
400x250kartta004.bmp          400       250       -              -              -              -              94             109            969            969
400x250kartta005.bmp          400       250       -              -              -              -              62             63             641            641
400x250kartta006.bmp          400       250       -              -              -              -              18             62             397            397
400x250kartta007.bmp          400       250       -              -              -              -              75             49             321            321
400x250kartta008.bmp          400       250       -              -              -              -              31             78             438            438

D:\Hannun_tiedot\opinnot\2014_kesa\TiraHT\testing>java -jar DijkstraAstar.jar 400x250kartta00 8 20

Lahtotiedosto                 Kuvan koko          KESKIMAARAINEN ratkaisuaika (ms)                            PIENIN ratkaisuaika (ms)      polunpituus (aikayksikkoa)
                              vaaka     pysty     Astar/aika     Astar/n        Dijkstra/aika  Dijkstra/n     Astar          Dijkstra       Astar          Dijkstra
400x250kartta001.bmp          400       250       20             15             87             15             15             31             182            182
400x250kartta002.bmp          400       250       17             15             41             15             15             15             156            156
400x250kartta003.bmp          400       250       25             15             74             15             15             47             420            420
400x250kartta004.bmp          400       250       77             15             57             15             62             47             969            969
400x250kartta005.bmp          400       250       54             15             51             15             46             41             641            641
400x250kartta006.bmp          400       250       30             15             57             15             15             46             397            397
400x250kartta007.bmp          400       250       17             15             67             15             15             41             321            321
400x250kartta008.bmp          400       250       28             15             64             15             15             47             438            438

D:\Hannun_tiedot\opinnot\2014_kesa\TiraHT\testing>java -jar DijkstraAstar.jar 800x500kartta00 3 10

Lahtotiedosto                 Kuvan koko          KESKIMAARAINEN ratkaisuaika (ms)                            PIENIN ratkaisuaika (ms)      polunpituus (aikayksikkoa)
                              vaaka     pysty     Astar/aika     Astar/n        Dijkstra/aika  Dijkstra/n     Astar          Dijkstra       Astar          Dijkstra
800x500kartta001.bmp          800       500       163            7              905            7              47             197            402            402
800x500kartta002.bmp          800       500       102            7              546            7              46             171            403            403
800x500kartta003.bmp          800       500       155            7              508            7              83             187            597            597

D:\Hannun_tiedot\opinnot\2014_kesa\TiraHT\testing>java -jar DijkstraAstar.jar X600x375kartta00 1 10

Lahtotiedosto                 Kuvan koko          KESKIMAARAINEN ratkaisuaika (ms)                            PIENIN ratkaisuaika (ms)      polunpituus (aikayksikkoa)
                              vaaka     pysty     Astar/aika     Astar/n        Dijkstra/aika  Dijkstra/n     Astar          Dijkstra       Astar          Dijkstra
X600x375kartta001.bmp         600       375       169            7              216            7              125            124            960            960

D:\Hannun_tiedot\opinnot\2014_kesa\TiraHT\testing>java -jar DijkstraAstar.jar X600x375kartta00 1 30

Lahtotiedosto                 Kuvan koko          KESKIMAARAINEN ratkaisuaika (ms)                            PIENIN ratkaisuaika (ms)      polunpituus (aikayksikkoa)
                              vaaka     pysty     Astar/aika     Astar/n        Dijkstra/aika  Dijkstra/n     Astar          Dijkstra       Astar          Dijkstra
X600x375kartta001.bmp         600       375       143            23             220            23             124            124            960            960

D:\Hannun_tiedot\opinnot\2014_kesa\TiraHT\testing>java -jar DijkstraAstar.jar X600x375kartta00 1 1

Lahtotiedosto                 Kuvan koko          KESKIMAARAINEN ratkaisuaika (ms)                            PIENIN ratkaisuaika (ms)      polunpituus (aikayksikkoa)
                              vaaka     pysty     Astar/aika     Astar/n        Dijkstra/aika  Dijkstra/n     Astar          Dijkstra       Astar          Dijkstra
X600x375kartta001.bmp         600       375       -              -              -              -              234            591            960            960

D:\Hannun_tiedot\opinnot\2014_kesa\TiraHT\testing>java -jar DijkstraAstar.jar X600x375kartta00 1 2

Lahtotiedosto                 Kuvan koko          KESKIMAARAINEN ratkaisuaika (ms)                            PIENIN ratkaisuaika (ms)      polunpituus (aikayksikkoa)
                              vaaka     pysty     Astar/aika     Astar/n        Dijkstra/aika  Dijkstra/n     Astar          Dijkstra       Astar          Dijkstra
X600x375kartta001.bmp         600       375       156            1              559            1              156            546            960            960

D:\Hannun_tiedot\opinnot\2014_kesa\TiraHT\testing>java -jar DijkstraAstar.jar X600x375kartta00 1 3

Lahtotiedosto                 Kuvan koko          KESKIMAARAINEN ratkaisuaika (ms)                            PIENIN ratkaisuaika (ms)      polunpituus (aikayksikkoa)
                              vaaka     pysty     Astar/aika     Astar/n        Dijkstra/aika  Dijkstra/n     Astar          Dijkstra       Astar          Dijkstra
X600x375kartta001.bmp         600       375       172            2              404            2              156            249            960            960

D:\Hannun_tiedot\opinnot\2014_kesa\TiraHT\testing>java -jar DijkstraAstar.jar X600x375kartta00 1 4

Lahtotiedosto                 Kuvan koko          KESKIMAARAINEN ratkaisuaika (ms)                            PIENIN ratkaisuaika (ms)      polunpituus (aikayksikkoa)
                              vaaka     pysty     Astar/aika     Astar/n        Dijkstra/aika  Dijkstra/n     Astar          Dijkstra       Astar          Dijkstra
X600x375kartta001.bmp         600       375       201            3              302            3              165            124            960            960

D:\Hannun_tiedot\opinnot\2014_kesa\TiraHT\testing>java -jar DijkstraAstar.jar X600x375kartta00 1 5

Lahtotiedosto                 Kuvan koko          KESKIMAARAINEN ratkaisuaika (ms)                            PIENIN ratkaisuaika (ms)      polunpituus (aikayksikkoa)
                              vaaka     pysty     Astar/aika     Astar/n        Dijkstra/aika  Dijkstra/n     Astar          Dijkstra       Astar          Dijkstra
X600x375kartta001.bmp         600       375       237            3              515            3              156            126            960            960

D:\Hannun_tiedot\opinnot\2014_kesa\TiraHT\testing>java -jar DijkstraAstar.jar X600x375kartta00 1 30

Lahtotiedosto                 Kuvan koko          KESKIMAARAINEN ratkaisuaika (ms)                            PIENIN ratkaisuaika (ms)      polunpituus (aikayksikkoa)
                              vaaka     pysty     Astar/aika     Astar/n        Dijkstra/aika  Dijkstra/n     Astar          Dijkstra       Astar          Dijkstra
X600x375kartta001.bmp         600       375       179            23             185            23             122            109            960            960

D:\Hannun_tiedot\opinnot\2014_kesa\TiraHT\testing>java -jar DijkstraAstar.jar X600x375kartta00 1 30

Lahtotiedosto                 Kuvan koko          KESKIMAARAINEN ratkaisuaika (ms)                            PIENIN ratkaisuaika (ms)      polunpituus (aikayksikkoa)
                              vaaka     pysty     Astar/aika     Astar/n        Dijkstra/aika  Dijkstra/n     Astar          Dijkstra       Astar          Dijkstra
X600x375kartta001.bmp         600       375       184            23             182            23             122            119            960            960

D:\Hannun_tiedot\opinnot\2014_kesa\TiraHT\testing>java -jar DijkstraAstar.jar X600x375kartta00 1 10

Lahtotiedosto                 Kuvan koko          KESKIMAARAINEN ratkaisuaika (ms)                            PIENIN ratkaisuaika (ms)      polunpituus (aikayksikkoa)
                              vaaka     pysty     Astar/aika     Astar/n        Dijkstra/aika  Dijkstra/n     Astar          Dijkstra       Astar          Dijkstra
X600x375kartta001.bmp         600       375       201            7              273            7              124            124            960            960

D:\Hannun_tiedot\opinnot\2014_kesa\TiraHT\testing>java -jar DijkstraAstar.jar X600x375kartta00 1 10

Lahtotiedosto                 Kuvan koko          KESKIMAARAINEN ratkaisuaika (ms)                            PIENIN ratkaisuaika (ms)      polunpituus (aikayksikkoa)
                              vaaka     pysty     Astar/aika     Astar/n        Dijkstra/aika  Dijkstra/n     Astar          Dijkstra       Astar          Dijkstra
X600x375kartta001.bmp         600       375       185            7              349            7              124            121            960            960

D:\Hannun_tiedot\opinnot\2014_kesa\TiraHT\testing>java -jar DijkstraAstar.jar X600x375kartta00 1 20

Lahtotiedosto                 Kuvan koko          KESKIMAARAINEN ratkaisuaika (ms)                            PIENIN ratkaisuaika (ms)      polunpituus (aikayksikkoa)
                              vaaka     pysty     Astar/aika     Astar/n        Dijkstra/aika  Dijkstra/n     Astar          Dijkstra       Astar          Dijkstra
X600x375kartta001.bmp         600       375       145            15             177            15             124            124            960            960

D:\Hannun_tiedot\opinnot\2014_kesa\TiraHT\testing>java -jar DijkstraAstar.jar Xmonimutkaisuus00 1 5

Lahtotiedosto                 Kuvan koko          KESKIMAARAINEN ratkaisuaika (ms)                            PIENIN ratkaisuaika (ms)      polunpituus (aikayksikkoa)
                              vaaka     pysty     Astar/aika     Astar/n        Dijkstra/aika  Dijkstra/n     Astar          Dijkstra       Astar          Dijkstra
Xmonimutkaisuus001.bmp        600       400       215            3              357            3              171            250            712            712

D:\Hannun_tiedot\opinnot\2014_kesa\TiraHT\testing>java -jar DijkstraAstar.jar Xmonimutkaisuus00 1 10

Lahtotiedosto                 Kuvan koko          KESKIMAARAINEN ratkaisuaika (ms)                            PIENIN ratkaisuaika (ms)      polunpituus (aikayksikkoa)
                              vaaka     pysty     Astar/aika     Astar/n        Dijkstra/aika  Dijkstra/n     Astar          Dijkstra       Astar          Dijkstra
Xmonimutkaisuus001.bmp        600       400       198            7              424            7              94             174            712            712

D:\Hannun_tiedot\opinnot\2014_kesa\TiraHT\testing>java -jar DijkstraAstar.jar X600x375kartta00 1 10

Lahtotiedosto                 Kuvan koko          KESKIMAARAINEN ratkaisuaika (ms)                            PIENIN ratkaisuaika (ms)      polunpituus (aikayksikkoa)
                              vaaka     pysty     Astar/aika     Astar/n        Dijkstra/aika  Dijkstra/n     Astar          Dijkstra       Astar          Dijkstra
X600x375kartta001.bmp         600       375       182            7              241            7              46             155            657            657

D:\Hannun_tiedot\opinnot\2014_kesa\TiraHT\testing>java -jar DijkstraAstar.jar X600x375kartta00 1 5

Lahtotiedosto                 Kuvan koko          KESKIMAARAINEN ratkaisuaika (ms)                            PIENIN ratkaisuaika (ms)      polunpituus (aikayksikkoa)
                              vaaka     pysty     Astar/aika     Astar/n        Dijkstra/aika  Dijkstra/n     Astar          Dijkstra       Astar          Dijkstra
X600x375kartta001.bmp         600       375       295            3              285            3              46             171            657            657

D:\Hannun_tiedot\opinnot\2014_kesa\TiraHT\testing>java -jar DijkstraAstar.jar X600x375kartta00 1 20

Lahtotiedosto                 Kuvan koko          KESKIMAARAINEN ratkaisuaika (ms)                            PIENIN ratkaisuaika (ms)      polunpituus (aikayksikkoa)
                              vaaka     pysty     Astar/aika     Astar/n        Dijkstra/aika  Dijkstra/n     Astar          Dijkstra       Astar          Dijkstra
X600x375kartta001.bmp         600       375       105            15             226            15             46             150            657            657

D:\Hannun_tiedot\opinnot\2014_kesa\TiraHT\testing>cd..

D:\Hannun_tiedot\opinnot\2014_kesa\TiraHT>cd TiraLabra

D:\Hannun_tiedot\opinnot\2014_kesa\TiraHT\TiraLabra>cd JarJaTestitiedostot

D:\Hannun_tiedot\opinnot\2014_kesa\TiraHT\TiraLabra\JarJaTestitiedostot>java -jar DijkstraAstar.jar t 1 1

Lahtotiedosto                 Kuvan koko          KESKIMAARAINEN ratkaisuaika (ms)                            PIENIN ratkaisuaika (ms)      polunpituus (aikayksikkoa)
                              vaaka     pysty     Astar/aika     Astar/n        Dijkstra/aika  Dijkstra/n     Astar          Dijkstra       Astar          Dijkstra
t1.bmp                        150       100       -              -              -              -              93             47             192            192

D:\Hannun_tiedot\opinnot\2014_kesa\TiraHT\TiraLabra\JarJaTestitiedostot>java -jar DijkstraAstar.jar t 1 1

Lahtotiedosto                 Kuvan koko          KESKIMAARAINEN ratkaisuaika (ms)                            PIENIN ratkaisuaika (ms)      polunpituus (aikayksikkoa)
                              vaaka     pysty     Astar/aika     Astar/n        Dijkstra/aika  Dijkstra/n     Astar          Dijkstra       Astar          Dijkstra
t1.bmp                        150       100       -              -              -              -              62             47             168            168

D:\Hannun_tiedot\opinnot\2014_kesa\TiraHT\TiraLabra\JarJaTestitiedostot>java -jar DijkstraAstar.jar monimutkaisuus00 9 1

Lahtotiedosto                 Kuvan koko          KESKIMAARAINEN ratkaisuaika (ms)                            PIENIN ratkaisuaika (ms)      polunpituus (aikayksikkoa)
                              vaaka     pysty     Astar/aika     Astar/n        Dijkstra/aika  Dijkstra/n     Astar          Dijkstra       Astar          Dijkstra
monimutkaisuus001.bmp         150       100       -              -              -              -              46             63             38             38
monimutkaisuus002.bmp         150       100       -              -              -              -              15             16             43             43
monimutkaisuus003.bmp         150       100       -              -              -              -              16             31             142            142
monimutkaisuus004.bmp         150       100       -              -              -              -              0              0              53             53
monimutkaisuus005.bmp         150       100       -              -              -              -              0              15             275            275
monimutkaisuus006.bmp         150       100       -              -              -              -              0              16             174            174
monimutkaisuus007.bmp         150       100       -              -              -              -              16             15             168            168
monimutkaisuus008.bmp         150       100       -              -              -              -              16             0              210            210
monimutkaisuus009.bmp         150       100       -              -              -              -              0              16             177            177

D:\Hannun_tiedot\opinnot\2014_kesa\TiraHT\TiraLabra\JarJaTestitiedostot>java -jar DijkstraAstar.jar monimutkaisuus00 4 10

Lahtotiedosto                 Kuvan koko          KESKIMAARAINEN ratkaisuaika (ms)                            PIENIN ratkaisuaika (ms)      polunpituus (aikayksikkoa)
                              vaaka     pysty     Astar/aika     Astar/n        Dijkstra/aika  Dijkstra/n     Astar          Dijkstra       Astar          Dijkstra
Virhe kuvatiedoston lukemisessa.
Exception in thread "main" java.lang.NullPointerException
        at com.mycompany.Tiralabra_maven.logiikka.bmpOperaatiot.KuvanLukija.seeBMPImage(KuvanLukija.java:36)
        at com.mycompany.Tiralabra_maven.App.main(App.java:133)

D:\Hannun_tiedot\opinnot\2014_kesa\TiraHT\TiraLabra\JarJaTestitiedostot>java -jar DijkstraAstar.jar 600x400kartta00 4 10

Lahtotiedosto                 Kuvan koko          KESKIMAARAINEN ratkaisuaika (ms)                            PIENIN ratkaisuaika (ms)      polunpituus (aikayksikkoa)
                              vaaka     pysty     Astar/aika     Astar/n        Dijkstra/aika  Dijkstra/n     Astar          Dijkstra       Astar          Dijkstra
600x400kartta001.bmp          600       400       198            7              120            7              31             47             152            152
600x400kartta002.bmp          600       400       71             7              93             7              31             47             172            172
600x400kartta003.bmp          600       400       87             7              215            7              62             156            568            568
600x400kartta004.bmp          600       400       53             7              86             7              31             57             212            212

D:\Hannun_tiedot\opinnot\2014_kesa\TiraHT\TiraLabra\JarJaTestitiedostot>java -jar DijkstraAstar.jar 600x400kartta00 4 20

Lahtotiedosto                 Kuvan koko          KESKIMAARAINEN ratkaisuaika (ms)                            PIENIN ratkaisuaika (ms)      polunpituus (aikayksikkoa)
                              vaaka     pysty     Astar/aika     Astar/n        Dijkstra/aika  Dijkstra/n     Astar          Dijkstra       Astar          Dijkstra
600x400kartta001.bmp          600       400       69             15             92             15             31             46             152            152
600x400kartta002.bmp          600       400       52             15             102            15             31             47             172            172
600x400kartta003.bmp          600       400       93             15             191            15             62             152            568            568
600x400kartta004.bmp          600       400       52             15             108            15             31             62             212            212

D:\Hannun_tiedot\opinnot\2014_kesa\TiraHT\TiraLabra\JarJaTestitiedostot>java -jar DijkstraAstar.jar 600x400kartta00 9 1

Lahtotiedosto                 Kuvan koko          KESKIMAARAINEN ratkaisuaika (ms)                            PIENIN ratkaisuaika (ms)      polunpituus (aikayksikkoa)
                              vaaka     pysty     Astar/aika     Astar/n        Dijkstra/aika  Dijkstra/n     Astar          Dijkstra       Astar          Dijkstra
600x400kartta001.bmp          600       400       -              -              -              -              141            2261           152            152
600x400kartta002.bmp          600       400       -              -              -              -              124            219            172            172
600x400kartta003.bmp          600       400       -              -              -              -              203            918            568            568
600x400kartta004.bmp          600       400       -              -              -              -              125            265            212            212
600x400kartta005.bmp          150       100       -              -              -              -              0              15             275            275
600x400kartta006.bmp          150       100       -              -              -              -              109            0              174            174
600x400kartta007.bmp          150       100       -              -              -              -              0              109            168            168
600x400kartta008.bmp          150       100       -              -              -              -              0              15             210            210
600x400kartta009.bmp          150       100       -              -              -              -              16             94             177            177

D:\Hannun_tiedot\opinnot\2014_kesa\TiraHT\TiraLabra\JarJaTestitiedostot>java -jar DijkstraAstar.jar 600x400kartta00 9 10

Lahtotiedosto                 Kuvan koko          KESKIMAARAINEN ratkaisuaika (ms)                            PIENIN ratkaisuaika (ms)      polunpituus (aikayksikkoa)
                              vaaka     pysty     Astar/aika     Astar/n        Dijkstra/aika  Dijkstra/n     Astar          Dijkstra       Astar          Dijkstra
600x400kartta001.bmp          600       400       194            7              126            7              31             46             152            152
600x400kartta002.bmp          600       400       55             7              105            7              31             47             152            152
600x400kartta003.bmp          600       400       51             7              118            7              31             46             152            152
600x400kartta004.bmp          600       400       49             7              114            7              31             62             212            212
600x400kartta005.bmp          600       400       198            7              173            7              171            125            1094           1094
600x400kartta006.bmp          600       400       110            7              160            7              93             109            690            690
600x400kartta007.bmp          600       400       102            7              186            7              78             140            660            660
600x400kartta008.bmp          600       400       138            7              198            7              109            156            828            828
600x400kartta009.bmp          600       400       91             7              180            7              62             125            708            708

D:\Hannun_tiedot\opinnot\2014_kesa\TiraHT\TiraLabra\JarJaTestitiedostot>java -jar DijkstraAstar.jar eiEsteita00 10 10

Lahtotiedosto                 Kuvan koko          KESKIMAARAINEN ratkaisuaika (ms)                            PIENIN ratkaisuaika (ms)      polunpituus (aikayksikkoa)
                              vaaka     pysty     Astar/aika     Astar/n        Dijkstra/aika  Dijkstra/n     Astar          Dijkstra       Astar          Dijkstra
eiEsteita001.bmp              300       200       13             7              73             7              7              20             170            170
eiEsteita002.bmp              300       200       11             7              33             7              10             20             170            170
eiEsteita003.bmp              300       200       11             7              30             7              0              20             170            170
eiEsteita004.bmp              450       300       29             7              61             7              10             50             255            255
eiEsteita005.bmp              600       400       45             7              261            7              30             100            340            340
eiEsteita006.bmp              750       500       126            7              414            7              50             170            425            425
eiEsteita007.bmp              900       600       485            7              931            7              70             270            510            510
eiEsteita008.bmp              1050      700       419            7              1964           7              220            592            595            595
eiEsteita009.bmp              1200      800       614            7              2172           7              300            785            680            680
Virhe kuvatiedoston lukemisessa.
virhe
virhe
eiEsteita0010.bmp             1200      800       802            7              1067           7              452            742            680            680

D:\Hannun_tiedot\opinnot\2014_kesa\TiraHT\TiraLabra\JarJaTestitiedostot>java -jar DijkstraAstar.jar eiEsteita00 10 1

Lahtotiedosto                 Kuvan koko          KESKIMAARAINEN ratkaisuaika (ms)                            PIENIN ratkaisuaika (ms)      polunpituus (aikayksikkoa)
                              vaaka     pysty     Astar/aika     Astar/n        Dijkstra/aika  Dijkstra/n     Astar          Dijkstra       Astar          Dijkstra
eiEsteita001.bmp              300       200       -              -              -              -              90             296            170            170
eiEsteita002.bmp              300       200       -              -              -              -              10             70             170            170
eiEsteita003.bmp              300       200       -              -              -              -              142            20             170            170
eiEsteita004.bmp              450       300       -              -              -              -              60             652            255            255
eiEsteita005.bmp              600       400       -              -              -              -              70             264            340            340
eiEsteita006.bmp              750       500       -              -              -              -              152            1332           425            425
eiEsteita007.bmp              900       600       -              -              -              -              432            522            510            510
eiEsteita008.bmp              1050      700       -              -              -              -              571            3013           595            595
eiEsteita009.bmp              1200      800       -              -              -              -              352            3493           680            680
eiEsteita0010.bmp             1350      900       -              -              -              -              637            4236           765            765

D:\Hannun_tiedot\opinnot\2014_kesa\TiraHT\TiraLabra\JarJaTestitiedostot>java -jar DijkstraAstar.jar eiEsteita00 10 10

Lahtotiedosto                 Kuvan koko          KESKIMAARAINEN ratkaisuaika (ms)                            PIENIN ratkaisuaika (ms)      polunpituus (aikayksikkoa)
                              vaaka     pysty     Astar/aika     Astar/n        Dijkstra/aika  Dijkstra/n     Astar          Dijkstra       Astar          Dijkstra
eiEsteita001.bmp              300       200       10             7              71             7              0              20             170            170
eiEsteita002.bmp              300       200       12             7              29             7              6              20             170            170
eiEsteita003.bmp              300       200       11             7              32             7              9              15             170            170
eiEsteita004.bmp              450       300       25             7              75             7              20             50             255            255
eiEsteita005.bmp              600       400       55             7              255            7              30             110            340            340
eiEsteita006.bmp              750       500       107            7              661            7              50             170            425            425
eiEsteita007.bmp              900       600       540            7              692            7              72             270            510            510
eiEsteita008.bmp              1050      700       947            7              959            7              240            582            595            595
eiEsteita009.bmp              1200      800       727            7              1809           7              262            712            680            680
eiEsteita0010.bmp             1350      900       691            7              5088           7              492            4104           765            765

D:\Hannun_tiedot\opinnot\2014_kesa\TiraHT\TiraLabra\JarJaTestitiedostot>java -jar DijkstraAstar.jar 600x400kartta00 9 10

Lahtotiedosto                 Kuvan koko          KESKIMAARAINEN ratkaisuaika (ms)                            PIENIN ratkaisuaika (ms)      polunpituus (aikayksikkoa)
                              vaaka     pysty     Astar/aika     Astar/n        Dijkstra/aika  Dijkstra/n     Astar          Dijkstra       Astar          Dijkstra
600x400kartta001.bmp          600       400       156            7              89             7              50             44             152            152
600x400kartta002.bmp          600       400       40             7              115            7              30             50             152            152
600x400kartta003.bmp          600       400       60             7              88             7              30             40             152            152
600x400kartta004.bmp          600       400       52             7              90             7              30             70             212            212
600x400kartta005.bmp          600       400       191            7              178            7              170            140            1094           1094
600x400kartta006.bmp          600       400       108            7              167            7              80             120            690            690
600x400kartta007.bmp          600       400       100            7              181            7              80             150            660            660
600x400kartta008.bmp          600       400       127            7              218            7              120            170            828            828
600x400kartta009.bmp          600       400       87             7              180            7              60             130            708            708

D:\Hannun_tiedot\opinnot\2014_kesa\TiraHT\TiraLabra\JarJaTestitiedostot>java -jar DijkstraAstar.jar eiEsteita00 10 10

Lahtotiedosto                 Kuvan koko          KESKIMAARAINEN ratkaisuaika (ms)                            PIENIN ratkaisuaika (ms)      polunpituus (aikayksikkoa)
                              vaaka     pysty     Astar/aika     Astar/n        Dijkstra/aika  Dijkstra/n     Astar          Dijkstra       Astar          Dijkstra
eiEsteita001.bmp              300       200       10             7              76             7              2              20             170            170
eiEsteita002.bmp              300       200       14             7              30             7              10             20             170            170
eiEsteita003.bmp              300       200       14             7              30             7              10             20             170            170
eiEsteita004.bmp              450       300       27             7              78             7              10             50             255            255
eiEsteita005.bmp              600       400       98             7              218            7              30             110            340            340
eiEsteita006.bmp              750       500       79             7              480            7              50             180            425            425
eiEsteita007.bmp              900       600       264            7              947            7              70             512            510            510
eiEsteita008.bmp              1050      700       431            7              1831           7              282            602            595            595
eiEsteita009.bmp              1200      800       959            7              1472           7              312            777            680            680
eiEsteita0010.bmp             1350      900       671            7              5087           7              492            1122           765            765

D:\Hannun_tiedot\opinnot\2014_kesa\TiraHT\TiraLabra\JarJaTestitiedostot>java -jar DijkstraAstar.jar eiEsteita00 10 10

Lahtotiedosto                 Kuvan koko          KESKIMAARAINEN ratkaisuaika (ms)                            PIENIN ratkaisuaika (ms)      polunpituus (aikayksikkoa)
                              vaaka     pysty     Astar/aika     Astar/n        Dijkstra/aika  Dijkstra/n     Astar          Dijkstra       Astar          Dijkstra
eiEsteita001.bmp              300       200       13             7              69             7              0              20             170            170
eiEsteita002.bmp              300       200       10             7              69             7              10             20             170            170
eiEsteita003.bmp              300       200       8              7              34             7              0              20             170            170
eiEsteita004.bmp              450       300       24             7              67             7              20             50             255            255
eiEsteita005.bmp              600       400       51             7              302            7              28             110            340            340
eiEsteita006.bmp              750       500       88             7              304            7              50             180            425            425
eiEsteita007.bmp              900       600       479            7              694            7              80             280            510            510
eiEsteita008.bmp              1050      700       762            7              1118           7              275            570            595            595
eiEsteita009.bmp              1200      800       668            7              2685           7              402            935            680            680
eiEsteita0010.bmp             1350      900       738            7              4897           7              482            4063           765            765

D:\Hannun_tiedot\opinnot\2014_kesa\TiraHT\TiraLabra\JarJaTestitiedostot>java -jar DijkstraAstar.jar esteA 8 1

Lahtotiedosto                 Kuvan koko          KESKIMAARAINEN ratkaisuaika (ms)                            PIENIN ratkaisuaika (ms)      polunpituus (aikayksikkoa)
                              vaaka     pysty     Astar/aika     Astar/n        Dijkstra/aika  Dijkstra/n     Astar          Dijkstra       Astar          Dijkstra
esteA1.bmp                    300       200       -              -              -              -              160            110            548            548
esteA2.bmp                    300       200       -              -              -              -              60             174            548            548
esteA3.bmp                    300       200       -              -              -              -              50             30             548            548
esteA4.bmp                    450       300       -              -              -              -              230            70             821            821
esteA5.bmp                    600       400       -              -              -              -              190            830            1094           1094
esteA6.bmp                    750       500       -              -              -              -              395            1977           1367           1367
esteA7.bmp                    900       600       -              -              -              -              642            420            1640           1640
esteA8.bmp                    1050      700       -              -              -              -              974            745            1913           1913

D:\Hannun_tiedot\opinnot\2014_kesa\TiraHT\TiraLabra\JarJaTestitiedostot>java -jar DijkstraAstar.jar esteA 8 10

Lahtotiedosto                 Kuvan koko          KESKIMAARAINEN ratkaisuaika (ms)                            PIENIN ratkaisuaika (ms)      polunpituus (aikayksikkoa)
                              vaaka     pysty     Astar/aika     Astar/n        Dijkstra/aika  Dijkstra/n     Astar          Dijkstra       Astar          Dijkstra
esteA1.bmp                    300       200       36             7              73             7              30             20             548            548
esteA2.bmp                    300       200       40             7              31             7              30             20             548            548
esteA3.bmp                    300       200       39             7              28             7              30             20             548            548
esteA4.bmp                    450       300       114            7              91             7              90             70             821            821
esteA5.bmp                    600       400       283            7              140            7              180            140            1094           1094
esteA6.bmp                    750       500       341            7              330            7              290            240            1367           1367
esteA7.bmp                    900       600       836            7              618            7              488            360            1640           1640
esteA8.bmp                    1050      700       995            7              1729           7              822            657            1913           1913

D:\Hannun_tiedot\opinnot\2014_kesa\TiraHT\TiraLabra\JarJaTestitiedostot>java -jar DijkstraAstar.jar esteA 7 10

Lahtotiedosto                 Kuvan koko          KESKIMAARAINEN ratkaisuaika (ms)                            PIENIN ratkaisuaika (ms)      polunpituus (aikayksikkoa)
                              vaaka     pysty     Astar/aika     Astar/n        Dijkstra/aika  Dijkstra/n     Astar          Dijkstra       Astar          Dijkstra
esteA1.bmp                    300       200       31             7              74             7              30             30             548            548
esteA2.bmp                    300       200       37             7              35             7              30             20             548            548
esteA3.bmp                    300       200       37             7              38             7              30             20             548            548
esteA4.bmp                    450       300       100            7              91             7              80             70             821            821
esteA5.bmp                    600       400       307            7              158            7              165            130            1094           1094
esteA6.bmp                    750       500       543            7              338            7              310            240            1367           1367
esteA7.bmp                    900       600       949            7              551            7              480            360            1640           1640

D:\Hannun_tiedot\opinnot\2014_kesa\TiraHT\TiraLabra\JarJaTestitiedostot>java -jar DijkstraAstar.jar esteA 8 10

Lahtotiedosto                 Kuvan koko          KESKIMAARAINEN ratkaisuaika (ms)                            PIENIN ratkaisuaika (ms)      polunpituus (aikayksikkoa)
                              vaaka     pysty     Astar/aika     Astar/n        Dijkstra/aika  Dijkstra/n     Astar          Dijkstra       Astar          Dijkstra
esteA1.bmp                    300       200       36             7              73             7              30             20             548            548
esteA2.bmp                    300       200       40             7              27             7              30             20             548            548
esteA3.bmp                    300       200       37             7              35             7              30             20             548            548
esteA4.bmp                    450       300       101            7              84             7              80             70             821            821
esteA5.bmp                    600       400       253            7              142            7              170            140            1094           1094
esteA6.bmp                    750       500       456            7              476            7              300            230            1367           1367
esteA7.bmp                    900       600       706            7              563            7              470            515            1640           1640
esteA8.bmp                    1050      700       1474           7              780            7              840            652            1913           1913

D:\Hannun_tiedot\opinnot\2014_kesa\TiraHT\TiraLabra\JarJaTestitiedostot>java -jar DijkstraAstar.jar esteA 8 10

Lahtotiedosto                 Kuvan koko          KESKIMAARAINEN ratkaisuaika (ms)                            PIENIN ratkaisuaika (ms)      polunpituus (aikayksikkoa)
                              vaaka     pysty     Astar/aika     Astar/n        Dijkstra/aika  Dijkstra/n     Astar          Dijkstra       Astar          Dijkstra
esteA1.bmp                    300       200       35             7              67             7              30             20             548            548
esteA2.bmp                    300       200       35             7              35             7              30             30             548            548
esteA3.bmp                    300       200       37             7              40             7              30             30             548            548
esteA4.bmp                    450       300       106            7              84             7              87             70             821            821
esteA5.bmp                    600       400       208            7              144            7              170            140            1094           1094
esteA6.bmp                    750       500       397            7              333            7              300            230            1367           1367
esteA7.bmp                    900       600       699            7              807            7              480            367            1640           1640
esteA8.bmp                    1050      700       1226           7              1175           7              810            650            1913           1913

D:\Hannun_tiedot\opinnot\2014_kesa\TiraHT\TiraLabra\JarJaTestitiedostot>java -jar DijkstraAstar.jar esteA 8 10

Lahtotiedosto                 Kuvan koko          KESKIMAARAINEN ratkaisuaika (ms)                            PIENIN ratkaisuaika (ms)      polunpituus (aikayksikkoa)
                              vaaka     pysty     Astar/aika     Astar/n        Dijkstra/aika  Dijkstra/n     Astar          Dijkstra       Astar          Dijkstra
esteA1.bmp                    300       200       35             7              72             7              30             30             548            548
esteA2.bmp                    300       200       32             7              38             7              30             30             548            548
esteA3.bmp                    300       200       37             7              43             7              30             30             548            548
esteA4.bmp                    450       300       100            7              77             7              80             70             821            821
esteA5.bmp                    600       400       175            7              340            7              170            140            1094           1094
esteA6.bmp                    750       500       350            7              343            7              300            240            1367           1367
esteA7.bmp                    900       600       727            7              567            7              470            502            1640           1640
esteA8.bmp                    1050      700       1458           7              1124           7              827            652            1913           1913

D:\Hannun_tiedot\opinnot\2014_kesa\TiraHT\TiraLabra\JarJaTestitiedostot>